errors 1
errors 2